
> html@1.0.0 build
> vite build

vite v7.3.1 building client environment for production...
transforming...
DEPRECATION WARNING [import]: Sass @import rules are deprecated and will be removed in Dart Sass 3.0.0.

More info and automated migrator: https://sass-lang.com/d/import

  ╷
1 │ @import "bootstrap/scss/bootstrap";
  │         ^^^^^^^^^^^^^^^^^^^^^^^^^^
  ╵
    ../../../../packages/my_sitepackage/Resources/Private/Styles/Main.entry.scss 1:9  root stylesheet

DEPRECATION WARNING [import]: Sass @import rules are deprecated and will be removed in Dart Sass 3.0.0.

More info and automated migrator: https://sass-lang.com/d/import

  ╷
1 │ @import "mixins/banner";
  │         ^^^^^^^^^^^^^^^
  ╵
    ../../../bootstrap/scss/bootstrap.scss 1:9                                        @import
    ../../../../packages/my_sitepackage/Resources/Private/Styles/Main.entry.scss 1:9  root stylesheet

DEPRECATION WARNING [import]: Sass @import rules are deprecated and will be removed in Dart Sass 3.0.0.

More info and automated migrator: https://sass-lang.com/d/import

  ╷
7 │ @import "functions";
  │         ^^^^^^^^^^^
  ╵
    ../../../bootstrap/scss/bootstrap.scss 7:9                                        @import
    ../../../../packages/my_sitepackage/Resources/Private/Styles/Main.entry.scss 1:9  root stylesheet

DEPRECATION WARNING [import]: Sass @import rules are deprecated and will be removed in Dart Sass 3.0.0.

More info and automated migrator: https://sass-lang.com/d/import

  ╷
8 │ @import "variables";
  │         ^^^^^^^^^^^
  ╵
    ../../../bootstrap/scss/bootstrap.scss 8:9                                        @import
    ../../../../packages/my_sitepackage/Resources/Private/Styles/Main.entry.scss 1:9  root stylesheet

DEPRECATION WARNING [import]: Sass @import rules are deprecated and will be removed in Dart Sass 3.0.0.

More info and automated migrator: https://sass-lang.com/d/import

  ╷
9 │ @import "variables-dark";
  │         ^^^^^^^^^^^^^^^^
  ╵
    ../../../bootstrap/scss/bootstrap.scss 9:9                                        @import
    ../../../../packages/my_sitepackage/Resources/Private/Styles/Main.entry.scss 1:9  root stylesheet

DEPRECATION WARNING [if-function]: The Sass if() syntax is deprecated in favor of the modern CSS syntax.

Suggestion: if(sass($arg == "$value"): $value; else: $arg)

More info: https://sass-lang.com/d/if-function

   ╷
58 │       $_args: append($_args, if($arg == "$key", $key, if($arg == "$value", $value, $arg)));
   │                                                       ^^^^^^^^^^^^^^^^^^^^^^^^^^^^^^^^^^
   ╵
    ../../../bootstrap/scss/_functions.scss 58:55                                     @import
    ../../../bootstrap/scss/bootstrap.scss 7:9                                        @import
    ../../../../packages/my_sitepackage/Resources/Private/Styles/Main.entry.scss 1:9  root stylesheet

DEPRECATION WARNING [if-function]: The Sass if() syntax is deprecated in favor of the modern CSS syntax.

Suggestion: if(sass($arg == "$key"): $key; else: if($arg == "$value", $value, $arg))

More info: https://sass-lang.com/d/if-function

   ╷
58 │       $_args: append($_args, if($arg == "$key", $key, if($arg == "$value", $value, $arg)));
   │                              ^^^^^^^^^^^^^^^^^^^^^^^^^^^^^^^^^^^^^^^^^^^^^^^^^^^^^^^^^^^^
   ╵
    ../../../bootstrap/scss/_functions.scss 58:30                                     @import
    ../../../bootstrap/scss/bootstrap.scss 7:9                                        @import
    ../../../../packages/my_sitepackage/Resources/Private/Styles/Main.entry.scss 1:9  root stylesheet

DEPRECATION WARNING [if-function]: The Sass if() syntax is deprecated in favor of the modern CSS syntax.

Suggestion: if(sass($l1 > $l2): divide($l1 + 0.05, $l2 + 0.05); else: divide($l2 + 0.05, $l1 + 0.05))

More info: https://sass-lang.com/d/if-function

    ╷
177 │   @return if($l1 > $l2, divide($l1 + .05, $l2 + .05), divide($l2 + .05, $l1 + .05));
    │           ^^^^^^^^^^^^^^^^^^^^^^^^^^^^^^^^^^^^^^^^^^^^^^^^^^^^^^^^^^^^^^^^^^^^^^^^^
    ╵
    ../../../bootstrap/scss/_functions.scss 177:11                                    @import
    ../../../bootstrap/scss/bootstrap.scss 7:9                                        @import
    ../../../../packages/my_sitepackage/Resources/Private/Styles/Main.entry.scss 1:9  root stylesheet

DEPRECATION WARNING [if-function]: The Sass if() syntax is deprecated in favor of the modern CSS syntax.

Suggestion: if(sass(divide($value, 255) < 0.04045): divide(divide($value, 255), 12.92); else: nth($_luminance-list, $value + 1))

More info: https://sass-lang.com/d/if-function

    ╷
191 │     $value: if(divide($value, 255) < .04045, divide(divide($value, 255), 12.92), nth($_luminance-list, $value + 1));
    │             ^^^^^^^^^^^^^^^^^^^^^^^^^^^^^^^^^^^^^^^^^^^^^^^^^^^^^^^^^^^^^^^^^^^^^^^^^^^^^^^^^^^^^^^^^^^^^^^^^^^^^^^
    ╵
    ../../../bootstrap/scss/_functions.scss 191:13                                    @import
    ../../../bootstrap/scss/bootstrap.scss 7:9                                        @import
    ../../../../packages/my_sitepackage/Resources/Private/Styles/Main.entry.scss 1:9  root stylesheet

DEPRECATION WARNING [if-function]: The Sass if() syntax is deprecated in favor of the modern CSS syntax.

Suggestion: if(sass($weight > 0): shade-color($color, $weight); else: tint-color($color, -$weight))

More info: https://sass-lang.com/d/if-function

    ╷
217 │   @return if($weight > 0, shade-color($color, $weight), tint-color($color, -$weight));
    │           ^^^^^^^^^^^^^^^^^^^^^^^^^^^^^^^^^^^^^^^^^^^^^^^^^^^^^^^^^^^^^^^^^^^^^^^^^^^
    ╵
    ../../../bootstrap/scss/_functions.scss 217:11                                    @import
    ../../../bootstrap/scss/bootstrap.scss 7:9                                        @import
    ../../../../packages/my_sitepackage/Resources/Private/Styles/Main.entry.scss 1:9  root stylesheet

DEPRECATION WARNING [global-builtin]: Global built-in functions are deprecated and will be removed in Dart Sass 3.0.0.
Use color.mix instead.

More info and automated migrator: https://sass-lang.com/d/import

    ╷
207 │   @return mix(white, $color, $weight);
    │           ^^^^^^^^^^^^^^^^^^^^^^^^^^^
    ╵
    ../../../bootstrap/scss/_functions.scss 207:11                                    tint-color()
    ../../../bootstrap/scss/_variables.scss 79:12                                     @import
    ../../../bootstrap/scss/bootstrap.scss 8:9                                        @import
    ../../../../packages/my_sitepackage/Resources/Private/Styles/Main.entry.scss 1:9  root stylesheet

DEPRECATION WARNING [global-builtin]: Global built-in functions are deprecated and will be removed in Dart Sass 3.0.0.
Use color.mix instead.

More info and automated migrator: https://sass-lang.com/d/import

    ╷
212 │   @return mix(black, $color, $weight);
    │           ^^^^^^^^^^^^^^^^^^^^^^^^^^^
    ╵
    ../../../bootstrap/scss/_functions.scss 212:11                                    shade-color()
    ../../../bootstrap/scss/_variables.scss 84:12                                     @import
    ../../../bootstrap/scss/bootstrap.scss 8:9                                        @import
    ../../../../packages/my_sitepackage/Resources/Private/Styles/Main.entry.scss 1:9  root stylesheet

DEPRECATION WARNING [global-builtin]: Global built-in functions are deprecated and will be removed in Dart Sass 3.0.0.
Use color.mix instead.

More info and automated migrator: https://sass-lang.com/d/import

    ╷
342 │ $light-bg-subtle:         mix($gray-100, $white) !default;
    │                           ^^^^^^^^^^^^^^^^^^^^^^
    ╵
    ../../../bootstrap/scss/_variables.scss 342:27                                    @import
    ../../../bootstrap/scss/bootstrap.scss 8:9                                        @import
    ../../../../packages/my_sitepackage/Resources/Private/Styles/Main.entry.scss 1:9  root stylesheet

DEPRECATION WARNING [global-builtin]: Global built-in functions are deprecated and will be removed in Dart Sass 3.0.0.
Use math.unit instead.

More info and automated migrator: https://sass-lang.com/d/import

   ╷
11 │     @if $prev-num == null or unit($num) == "%" or unit($prev-num) == "%" {
   │                              ^^^^^^^^^^
   ╵
    ../../../bootstrap/scss/_functions.scss 11:30                                     -assert-ascending()
    ../../../bootstrap/scss/_variables.scss 494:1                                     @import
    ../../../bootstrap/scss/bootstrap.scss 8:9                                        @import
    ../../../../packages/my_sitepackage/Resources/Private/Styles/Main.entry.scss 1:9  root stylesheet

DEPRECATION WARNING [global-builtin]: Global built-in functions are deprecated and will be removed in Dart Sass 3.0.0.
Use math.unit instead.

More info and automated migrator: https://sass-lang.com/d/import

   ╷
11 │     @if $prev-num == null or unit($num) == "%" or unit($prev-num) == "%" {
   │                                                   ^^^^^^^^^^^^^^^
   ╵
    ../../../bootstrap/scss/_functions.scss 11:51                                     -assert-ascending()
    ../../../bootstrap/scss/_variables.scss 494:1                                     @import
    ../../../bootstrap/scss/bootstrap.scss 8:9                                        @import
    ../../../../packages/my_sitepackage/Resources/Private/Styles/Main.entry.scss 1:9  root stylesheet

DEPRECATION WARNING [color-functions]: red() is deprecated. Suggestion:

color.channel($color, "red", $space: rgb)

More info: https://sass-lang.com/d/color-functions

    ╷
185 │     "r": red($color),
    │          ^^^^^^^^^^^
    ╵
    ../../../bootstrap/scss/_functions.scss 185:10                                    luminance()
    ../../../bootstrap/scss/_functions.scss 174:8                                     contrast-ratio()
    ../../../bootstrap/scss/_functions.scss 159:22                                    color-contrast()
    ../../../bootstrap/scss/_variables.scss 846:42                                    @import
    ../../../bootstrap/scss/bootstrap.scss 8:9                                        @import
    ../../../../packages/my_sitepackage/Resources/Private/Styles/Main.entry.scss 1:9  root stylesheet

DEPRECATION WARNING [color-functions]: green() is deprecated. Suggestion:

color.channel($color, "green", $space: rgb)

More info: https://sass-lang.com/d/color-functions

    ╷
186 │     "g": green($color),
    │          ^^^^^^^^^^^^^
    ╵
    ../../../bootstrap/scss/_functions.scss 186:10                                    luminance()
    ../../../bootstrap/scss/_functions.scss 174:8                                     contrast-ratio()
    ../../../bootstrap/scss/_functions.scss 159:22                                    color-contrast()
    ../../../bootstrap/scss/_variables.scss 846:42                                    @import
    ../../../bootstrap/scss/bootstrap.scss 8:9                                        @import
    ../../../../packages/my_sitepackage/Resources/Private/Styles/Main.entry.scss 1:9  root stylesheet

DEPRECATION WARNING [color-functions]: blue() is deprecated. Suggestion:

color.channel($color, "blue", $space: rgb)

More info: https://sass-lang.com/d/color-functions

    ╷
187 │     "b": blue($color)
    │          ^^^^^^^^^^^^
    ╵
    ../../../bootstrap/scss/_functions.scss 187:10                                    luminance()
    ../../../bootstrap/scss/_functions.scss 174:8                                     contrast-ratio()
    ../../../bootstrap/scss/_functions.scss 159:22                                    color-contrast()
    ../../../bootstrap/scss/_variables.scss 846:42                                    @import
    ../../../bootstrap/scss/bootstrap.scss 8:9                                        @import
    ../../../../packages/my_sitepackage/Resources/Private/Styles/Main.entry.scss 1:9  root stylesheet

DEPRECATION WARNING [color-functions]: red() is deprecated. Suggestion:

color.channel($color, "red", $space: rgb)

More info: https://sass-lang.com/d/color-functions

   ╷
37 │   @return red($value), green($value), blue($value);
   │           ^^^^^^^^^^^
   ╵
    ../../../bootstrap/scss/_functions.scss 37:11                                     to-rgb()
    ../../../bootstrap/scss/_variables.scss 846:31                                    @import
    ../../../bootstrap/scss/bootstrap.scss 8:9                                        @import
    ../../../../packages/my_sitepackage/Resources/Private/Styles/Main.entry.scss 1:9  root stylesheet

DEPRECATION WARNING [color-functions]: green() is deprecated. Suggestion:

color.channel($color, "green", $space: rgb)

More info: https://sass-lang.com/d/color-functions

   ╷
37 │   @return red($value), green($value), blue($value);
   │                        ^^^^^^^^^^^^^
   ╵
    ../../../bootstrap/scss/_functions.scss 37:24                                     to-rgb()
    ../../../bootstrap/scss/_variables.scss 846:31                                    @import
    ../../../bootstrap/scss/bootstrap.scss 8:9                                        @import
    ../../../../packages/my_sitepackage/Resources/Private/Styles/Main.entry.scss 1:9  root stylesheet

WARNING: 311 repetitive deprecation warnings omitted.
Run in verbose mode to see all warnings.

✓ 44 modules transformed.
rendering chunks...
computing gzip size...
public/_assets/vite/assets/jetbrains-mono-greek-400-normal-C190GLew.woff2        4.23 kB
public/_assets/vite/assets/jetbrains-mono-greek-500-normal-JpySY46c.woff2        4.28 kB
public/_assets/vite/assets/jetbrains-mono-greek-600-normal-H7WoG9Et.woff2        4.31 kB
public/_assets/vite/assets/jetbrains-mono-cyrillic-400-normal-BEIGL1Tu.woff2     5.33 kB
public/_assets/vite/assets/jetbrains-mono-cyrillic-500-normal-DmUKJPL_.woff2     5.36 kB
public/_assets/vite/assets/jetbrains-mono-vietnamese-400-normal-CqNFfHCs.woff    5.37 kB
public/_assets/vite/assets/jetbrains-mono-cyrillic-600-normal-EVf6-Yzo.woff2     5.38 kB
public/_assets/vite/assets/jetbrains-mono-vietnamese-600-normal-OWROknRo.woff    5.48 kB
public/_assets/vite/assets/jetbrains-mono-vietnamese-500-normal-DNRqzVM1.woff    5.48 kB
public/_assets/vite/assets/jetbrains-mono-greek-400-normal-B9oWc5Lo.woff         5.66 kB
public/_assets/vite/assets/jetbrains-mono-greek-600-normal-mc2nkWzM.woff         5.70 kB
public/_assets/vite/assets/jetbrains-mono-greek-500-normal-D7SFKleX.woff         5.72 kB
public/_assets/vite/assets/jetbrains-mono-cyrillic-400-normal-ugxPyKxw.woff      6.98 kB
public/_assets/vite/assets/jetbrains-mono-cyrillic-600-normal-8K4wrrwR.woff      7.02 kB
public/_assets/vite/assets/jetbrains-mono-cyrillic-500-normal-DJqRU3vO.woff      7.02 kB
public/_assets/vite/assets/jetbrains-mono-latin-ext-400-normal-Bc8Ftmh3.woff2    7.34 kB
public/_assets/vite/assets/jetbrains-mono-latin-ext-600-normal-BfB_LPfz.woff2    7.51 kB
public/_assets/vite/assets/jetbrains-mono-latin-ext-500-normal-Cut-4mMH.woff2    7.53 kB
public/_assets/vite/.vite/manifest.json                                          9.85 kB │ gzip:  1.03 kB
public/_assets/vite/assets/jetbrains-mono-latin-ext-400-normal-fXTG6kC5.woff    10.13 kB
public/_assets/vite/assets/jetbrains-mono-latin-ext-600-normal-DObL3zCW.woff    10.32 kB
public/_assets/vite/assets/jetbrains-mono-latin-ext-500-normal-ckzbgY84.woff    10.34 kB
public/_assets/vite/assets/jetbrains-mono-latin-400-normal-V6pRDFza.woff2       21.17 kB
public/_assets/vite/assets/jetbrains-mono-latin-500-normal-BWZEU5yA.woff2       21.83 kB
public/_assets/vite/assets/jetbrains-mono-latin-600-normal-C8RAYTDA.woff2       21.86 kB
public/_assets/vite/assets/jetbrains-mono-latin-400-normal-6-qcROiO.woff        27.50 kB
public/_assets/vite/assets/jetbrains-mono-latin-600-normal-BfsvjouI.woff        28.18 kB
public/_assets/vite/assets/jetbrains-mono-latin-500-normal-CJOVTJB7.woff        28.21 kB
public/_assets/vite/assets/Form-CYgwiNi-.css                                     2.41 kB │ gzip:  0.92 kB
public/_assets/vite/assets/PdfExport-CmfFB246.css                                2.74 kB │ gzip:  0.94 kB
public/_assets/vite/assets/Main-DHwsS8cf.css                                   281.81 kB │ gzip: 58.74 kB
public/_assets/vite/assets/Main.entry-Du6iL5dC.js                               25.28 kB │ gzip:  8.46 kB
✓ built in 666ms
